2026-01-25 03:30:48 - DatabaseSchema - INFO - logger.py:67 - Logger initialized: DatabaseSchema
2026-01-25 03:30:48 - DatabaseSchema - INFO - logger.py:118 - Master database schema created successfully
2026-01-25 03:30:48 - LoreoForge - INFO - logger.py:67 - Logger initialized: LoreoForge
2026-01-25 03:30:48 - LoreoForge - INFO - main.py:96 - Starting Loreo Forge application
2026-01-25 03:30:52 - LoreoForge - INFO - main.py:171 - Application initialized successfully
2026-01-25 03:37:25 - DatabaseSchema - INFO - logger.py:67 - Logger initialized: DatabaseSchema
2026-01-25 03:37:25 - DatabaseSchema - INFO - logger.py:118 - Master database schema created successfully
2026-01-25 03:37:26 - LoreoForge - INFO - logger.py:67 - Logger initialized: LoreoForge
2026-01-25 03:37:26 - LoreoForge - INFO - main.py:96 - Starting Loreo Forge application
2026-01-25 03:37:30 - LoreoForge - INFO - main.py:171 - Application initialized successfully
2026-01-25 03:38:02 - DatabaseSchema - INFO - logger.py:118 - Story database schema created successfully
2026-01-25 03:47:54 - DatabaseSchema - INFO - logger.py:67 - Logger initialized: DatabaseSchema
2026-01-25 03:47:54 - DatabaseSchema - INFO - logger.py:118 - Master database schema created successfully
2026-01-25 03:47:55 - LoreoForge - INFO - logger.py:67 - Logger initialized: LoreoForge
2026-01-25 03:47:55 - LoreoForge - INFO - main.py:96 - Starting Loreo Forge application
2026-01-25 03:47:59 - LoreoForge - INFO - main.py:171 - Application initialized successfully
2026-01-25 04:00:36 - DatabaseSchema - INFO - logger.py:67 - Logger initialized: DatabaseSchema
2026-01-25 04:00:36 - DatabaseSchema - INFO - logger.py:118 - Master database schema created successfully
2026-01-25 04:00:37 - LoreoForge - INFO - logger.py:67 - Logger initialized: LoreoForge
2026-01-25 04:00:37 - LoreoForge - INFO - main.py:96 - Starting Loreo Forge application
2026-01-25 04:00:41 - LoreoForge - INFO - main.py:171 - Application initialized successfully
2026-01-25 04:09:19 - DatabaseSchema - INFO - logger.py:67 - Logger initialized: DatabaseSchema
2026-01-25 04:09:19 - DatabaseSchema - INFO - logger.py:118 - Master database schema created successfully
2026-01-25 04:09:19 - LoreoForge - INFO - logger.py:67 - Logger initialized: LoreoForge
2026-01-25 04:09:19 - LoreoForge - INFO - main.py:96 - Starting Loreo Forge application
2026-01-25 04:09:23 - LoreoForge - INFO - main.py:171 - Application initialized successfully
2026-01-25 04:24:02 - DatabaseSchema - INFO - logger.py:67 - Logger initialized: DatabaseSchema
2026-01-25 04:24:02 - DatabaseSchema - INFO - logger.py:118 - Master database schema created successfully
2026-01-25 04:24:02 - LoreoForge - INFO - logger.py:67 - Logger initialized: LoreoForge
2026-01-25 04:24:02 - LoreoForge - INFO - main.py:96 - Starting Loreo Forge application
2026-01-25 04:24:06 - LoreoForge - INFO - main.py:171 - Application initialized successfully
2026-01-25 04:26:05 - DatabaseSchema - INFO - logger.py:118 - Story database schema created successfully
2026-01-25 04:33:44 - DatabaseSchema - INFO - logger.py:67 - Logger initialized: DatabaseSchema
2026-01-25 04:33:44 - DatabaseSchema - INFO - logger.py:118 - Master database schema created successfully
2026-01-25 04:33:45 - LoreoForge - INFO - logger.py:67 - Logger initialized: LoreoForge
2026-01-25 04:33:45 - LoreoForge - INFO - main.py:96 - Starting Loreo Forge application
2026-01-25 04:33:49 - LoreoForge - INFO - main.py:171 - Application initialized successfully
2026-01-25 04:35:56 - DatabaseSchema - INFO - logger.py:118 - Story database schema created successfully
2026-01-25 04:39:43 - DatabaseSchema - INFO - logger.py:67 - Logger initialized: DatabaseSchema
2026-01-25 04:39:43 - DatabaseSchema - INFO - logger.py:118 - Master database schema created successfully
2026-01-25 04:39:44 - LoreoForge - INFO - logger.py:67 - Logger initialized: LoreoForge
2026-01-25 04:39:44 - LoreoForge - INFO - main.py:96 - Starting Loreo Forge application
2026-01-25 04:39:48 - LoreoForge - INFO - main.py:171 - Application initialized successfully
2026-01-25 23:15:31 - DatabaseSchema - INFO - logger.py:67 - Logger initialized: DatabaseSchema
2026-01-25 23:15:31 - DatabaseSchema - INFO - logger.py:118 - Master database schema created successfully
2026-01-25 23:15:31 - LoreoForge - INFO - logger.py:67 - Logger initialized: LoreoForge
2026-01-25 23:15:31 - LoreoForge - INFO - main.py:96 - Starting Loreo Forge application
2026-01-25 23:15:36 - LoreoForge - INFO - main.py:171 - Application initialized successfully
2026-01-25 23:17:39 - DatabaseSchema - INFO - logger.py:67 - Logger initialized: DatabaseSchema
2026-01-25 23:17:39 - DatabaseSchema - INFO - logger.py:118 - Master database schema created successfully
2026-01-25 23:17:40 - LoreoForge - INFO - logger.py:67 - Logger initialized: LoreoForge
2026-01-25 23:17:40 - LoreoForge - INFO - main.py:96 - Starting Loreo Forge application
2026-01-25 23:17:44 - LoreoForge - INFO - main.py:171 - Application initialized successfully
2026-01-25 23:38:40 - DatabaseSchema - INFO - logger.py:67 - Logger initialized: DatabaseSchema
2026-01-25 23:38:40 - DatabaseSchema - INFO - logger.py:118 - Master database schema created successfully
2026-01-25 23:38:40 - LoreoForge - INFO - logger.py:67 - Logger initialized: LoreoForge
2026-01-25 23:38:40 - LoreoForge - INFO - main.py:96 - Starting Loreo Forge application
2026-01-25 23:38:44 - LoreoForge - INFO - main.py:171 - Application initialized successfully
