2026-02-09 18:44:04 - DatabaseSchema - INFO - logger.py:67 - Logger initialized: DatabaseSchema
2026-02-09 18:44:04 - DatabaseSchema - INFO - logger.py:118 - Master database schema created successfully
2026-02-09 18:44:05 - LoreoForge - INFO - logger.py:67 - Logger initialized: LoreoForge
2026-02-09 18:44:05 - LoreoForge - INFO - main.py:97 - Starting Loreo Forge application
2026-02-09 18:44:09 - LoreoForge - INFO - main.py:172 - Application initialized successfully
2026-02-09 18:48:26 - DatabaseSchema - INFO - logger.py:67 - Logger initialized: DatabaseSchema
2026-02-09 18:48:26 - DatabaseSchema - INFO - logger.py:118 - Master database schema created successfully
2026-02-09 18:48:26 - LoreoForge - INFO - logger.py:67 - Logger initialized: LoreoForge
2026-02-09 18:48:26 - LoreoForge - INFO - main.py:97 - Starting Loreo Forge application
2026-02-09 18:48:31 - LoreoForge - INFO - main.py:172 - Application initialized successfully
2026-02-09 19:24:28 - DatabaseSchema - INFO - logger.py:67 - Logger initialized: DatabaseSchema
2026-02-09 19:24:28 - DatabaseSchema - INFO - logger.py:118 - Master database schema created successfully
2026-02-09 19:24:28 - LoreoForge - INFO - logger.py:67 - Logger initialized: LoreoForge
2026-02-09 19:24:28 - LoreoForge - INFO - main.py:97 - Starting Loreo Forge application
2026-02-09 19:24:33 - LoreoForge - INFO - main.py:172 - Application initialized successfully
2026-02-09 19:33:01 - DatabaseSchema - INFO - logger.py:67 - Logger initialized: DatabaseSchema
2026-02-09 19:33:01 - DatabaseSchema - INFO - logger.py:118 - Master database schema created successfully
2026-02-09 19:33:01 - LoreoForge - INFO - logger.py:67 - Logger initialized: LoreoForge
2026-02-09 19:33:01 - LoreoForge - INFO - main.py:97 - Starting Loreo Forge application
2026-02-09 19:33:05 - LoreoForge - INFO - main.py:172 - Application initialized successfully
2026-02-09 19:43:56 - DatabaseSchema - INFO - logger.py:67 - Logger initialized: DatabaseSchema
2026-02-09 19:43:56 - DatabaseSchema - INFO - logger.py:118 - Master database schema created successfully
2026-02-09 19:43:57 - LoreoForge - INFO - logger.py:67 - Logger initialized: LoreoForge
2026-02-09 19:43:57 - LoreoForge - INFO - main.py:97 - Starting Loreo Forge application
2026-02-09 19:44:01 - LoreoForge - INFO - main.py:172 - Application initialized successfully
2026-02-09 19:48:26 - DatabaseSchema - INFO - logger.py:67 - Logger initialized: DatabaseSchema
2026-02-09 19:48:26 - DatabaseSchema - INFO - logger.py:118 - Master database schema created successfully
2026-02-09 19:48:26 - LoreoForge - INFO - logger.py:67 - Logger initialized: LoreoForge
2026-02-09 19:48:26 - LoreoForge - INFO - main.py:97 - Starting Loreo Forge application
2026-02-09 19:48:31 - LoreoForge - INFO - main.py:172 - Application initialized successfully
