2026-02-12 01:12:47 - DatabaseSchema - INFO - logger.py:67 - Logger initialized: DatabaseSchema
2026-02-12 01:12:47 - DatabaseSchema - INFO - logger.py:118 - Master database schema created successfully
2026-02-12 01:12:48 - LoreoForge - INFO - logger.py:67 - Logger initialized: LoreoForge
2026-02-12 01:12:48 - LoreoForge - INFO - main.py:97 - Starting Loreo Forge application
2026-02-12 01:12:50 - LoreoForge - ERROR - main.py:148 - Migration check failed: 'already_updated'
2026-02-12 01:12:52 - LoreoForge - INFO - main.py:192 - Application initialized successfully
2026-02-12 02:02:37 - DatabaseSchema - INFO - logger.py:67 - Logger initialized: DatabaseSchema
2026-02-12 02:02:37 - DatabaseSchema - INFO - logger.py:118 - Master database schema created successfully
2026-02-12 02:02:37 - LoreoForge - INFO - logger.py:67 - Logger initialized: LoreoForge
2026-02-12 02:02:37 - LoreoForge - INFO - main.py:97 - Starting Loreo Forge application
2026-02-12 02:02:40 - LoreoForge - ERROR - main.py:148 - Migration check failed: 'already_updated'
2026-02-12 02:02:42 - LoreoForge - INFO - main.py:192 - Application initialized successfully
2026-02-12 02:08:41 - DatabaseSchema - INFO - logger.py:67 - Logger initialized: DatabaseSchema
2026-02-12 02:08:41 - DatabaseSchema - INFO - logger.py:118 - Master database schema created successfully
2026-02-12 02:08:41 - LoreoForge - INFO - logger.py:67 - Logger initialized: LoreoForge
2026-02-12 02:08:41 - LoreoForge - INFO - main.py:97 - Starting Loreo Forge application
2026-02-12 02:08:43 - LoreoForge - ERROR - main.py:148 - Migration check failed: 'already_updated'
2026-02-12 02:08:45 - LoreoForge - INFO - main.py:192 - Application initialized successfully
2026-02-12 02:16:25 - DatabaseSchema - INFO - logger.py:67 - Logger initialized: DatabaseSchema
2026-02-12 02:16:25 - DatabaseSchema - INFO - logger.py:118 - Master database schema created successfully
2026-02-12 02:16:25 - LoreoForge - INFO - logger.py:67 - Logger initialized: LoreoForge
2026-02-12 02:16:25 - LoreoForge - INFO - main.py:97 - Starting Loreo Forge application
2026-02-12 02:16:27 - LoreoForge - ERROR - main.py:148 - Migration check failed: 'already_updated'
2026-02-12 02:16:29 - LoreoForge - INFO - main.py:192 - Application initialized successfully
2026-02-12 02:28:51 - DatabaseSchema - INFO - logger.py:67 - Logger initialized: DatabaseSchema
2026-02-12 02:28:51 - DatabaseSchema - INFO - logger.py:118 - Master database schema created successfully
2026-02-12 02:28:51 - LoreoForge - INFO - logger.py:67 - Logger initialized: LoreoForge
2026-02-12 02:28:51 - LoreoForge - INFO - main.py:97 - Starting Loreo Forge application
2026-02-12 02:28:53 - LoreoForge - ERROR - main.py:148 - Migration check failed: 'already_updated'
2026-02-12 02:28:55 - LoreoForge - INFO - main.py:192 - Application initialized successfully
2026-02-12 16:10:56 - DatabaseSchema - INFO - logger.py:67 - Logger initialized: DatabaseSchema
2026-02-12 16:10:56 - DatabaseSchema - INFO - logger.py:118 - Master database schema created successfully
2026-02-12 16:10:56 - LoreoForge - INFO - logger.py:67 - Logger initialized: LoreoForge
2026-02-12 16:10:56 - LoreoForge - INFO - main.py:97 - Starting Loreo Forge application
2026-02-12 16:10:59 - LoreoForge - ERROR - main.py:148 - Migration check failed: 'already_updated'
2026-02-12 16:11:01 - LoreoForge - INFO - main.py:192 - Application initialized successfully
2026-02-12 16:12:42 - DatabaseSchema - INFO - logger.py:67 - Logger initialized: DatabaseSchema
2026-02-12 16:12:42 - DatabaseSchema - INFO - logger.py:118 - Master database schema created successfully
2026-02-12 16:12:42 - LoreoForge - INFO - logger.py:67 - Logger initialized: LoreoForge
2026-02-12 16:12:42 - LoreoForge - INFO - main.py:97 - Starting Loreo Forge application
2026-02-12 16:12:44 - LoreoForge - ERROR - main.py:148 - Migration check failed: 'already_updated'
2026-02-12 16:12:46 - LoreoForge - INFO - main.py:192 - Application initialized successfully
2026-02-12 16:23:04 - DatabaseSchema - INFO - logger.py:67 - Logger initialized: DatabaseSchema
2026-02-12 16:23:04 - DatabaseSchema - INFO - logger.py:118 - Master database schema created successfully
2026-02-12 16:23:04 - LoreoForge - INFO - logger.py:67 - Logger initialized: LoreoForge
2026-02-12 16:23:04 - LoreoForge - INFO - main.py:97 - Starting Loreo Forge application
2026-02-12 16:23:06 - LoreoForge - ERROR - main.py:148 - Migration check failed: 'already_updated'
2026-02-12 16:23:09 - LoreoForge - INFO - main.py:192 - Application initialized successfully
2026-02-12 16:28:05 - DatabaseSchema - INFO - logger.py:67 - Logger initialized: DatabaseSchema
2026-02-12 16:28:05 - DatabaseSchema - INFO - logger.py:118 - Master database schema created successfully
2026-02-12 16:28:05 - LoreoForge - INFO - logger.py:67 - Logger initialized: LoreoForge
2026-02-12 16:28:05 - LoreoForge - INFO - main.py:97 - Starting Loreo Forge application
2026-02-12 16:28:08 - LoreoForge - ERROR - main.py:148 - Migration check failed: 'already_updated'
2026-02-12 16:28:10 - LoreoForge - INFO - main.py:192 - Application initialized successfully
2026-02-12 16:32:18 - DatabaseSchema - INFO - logger.py:67 - Logger initialized: DatabaseSchema
2026-02-12 16:32:18 - DatabaseSchema - INFO - logger.py:118 - Master database schema created successfully
2026-02-12 16:32:18 - LoreoForge - INFO - logger.py:67 - Logger initialized: LoreoForge
2026-02-12 16:32:18 - LoreoForge - INFO - main.py:97 - Starting Loreo Forge application
2026-02-12 16:32:20 - LoreoForge - ERROR - main.py:148 - Migration check failed: 'already_updated'
2026-02-12 16:32:22 - LoreoForge - INFO - main.py:192 - Application initialized successfully
2026-02-12 16:33:13 - DatabaseSchema - INFO - logger.py:67 - Logger initialized: DatabaseSchema
2026-02-12 16:33:13 - DatabaseSchema - INFO - logger.py:118 - Master database schema created successfully
2026-02-12 16:33:13 - LoreoForge - INFO - logger.py:67 - Logger initialized: LoreoForge
2026-02-12 16:33:13 - LoreoForge - INFO - main.py:97 - Starting Loreo Forge application
2026-02-12 16:33:15 - LoreoForge - ERROR - main.py:148 - Migration check failed: 'already_updated'
2026-02-12 16:33:17 - LoreoForge - INFO - main.py:192 - Application initialized successfully
2026-02-12 16:34:42 - DatabaseSchema - INFO - logger.py:67 - Logger initialized: DatabaseSchema
2026-02-12 16:34:42 - DatabaseSchema - INFO - logger.py:118 - Master database schema created successfully
2026-02-12 16:34:42 - LoreoForge - INFO - logger.py:67 - Logger initialized: LoreoForge
2026-02-12 16:34:42 - LoreoForge - INFO - main.py:97 - Starting Loreo Forge application
2026-02-12 16:34:44 - LoreoForge - ERROR - main.py:148 - Migration check failed: 'already_updated'
2026-02-12 16:34:47 - LoreoForge - INFO - main.py:192 - Application initialized successfully
2026-02-12 16:35:39 - DatabaseSchema - INFO - logger.py:67 - Logger initialized: DatabaseSchema
2026-02-12 16:35:39 - DatabaseSchema - INFO - logger.py:118 - Master database schema created successfully
2026-02-12 16:35:39 - LoreoForge - INFO - logger.py:67 - Logger initialized: LoreoForge
2026-02-12 16:35:39 - LoreoForge - INFO - main.py:97 - Starting Loreo Forge application
2026-02-12 16:35:41 - LoreoForge - ERROR - main.py:148 - Migration check failed: 'already_updated'
2026-02-12 16:35:43 - LoreoForge - INFO - main.py:192 - Application initialized successfully
2026-02-12 16:38:20 - DatabaseSchema - INFO - logger.py:67 - Logger initialized: DatabaseSchema
2026-02-12 16:38:20 - DatabaseSchema - INFO - logger.py:118 - Master database schema created successfully
2026-02-12 16:38:20 - LoreoForge - INFO - logger.py:67 - Logger initialized: LoreoForge
2026-02-12 16:38:20 - LoreoForge - INFO - main.py:97 - Starting Loreo Forge application
2026-02-12 16:38:22 - LoreoForge - ERROR - main.py:148 - Migration check failed: 'already_updated'
2026-02-12 16:38:25 - LoreoForge - INFO - main.py:192 - Application initialized successfully
2026-02-12 16:39:17 - DatabaseSchema - INFO - logger.py:67 - Logger initialized: DatabaseSchema
2026-02-12 16:39:17 - DatabaseSchema - INFO - logger.py:118 - Master database schema created successfully
2026-02-12 16:39:17 - LoreoForge - INFO - logger.py:67 - Logger initialized: LoreoForge
2026-02-12 16:39:17 - LoreoForge - INFO - main.py:97 - Starting Loreo Forge application
2026-02-12 16:39:19 - LoreoForge - ERROR - main.py:148 - Migration check failed: 'already_updated'
2026-02-12 16:39:22 - LoreoForge - INFO - main.py:192 - Application initialized successfully
2026-02-12 16:40:51 - DatabaseSchema - INFO - logger.py:67 - Logger initialized: DatabaseSchema
2026-02-12 16:40:51 - DatabaseSchema - INFO - logger.py:118 - Master database schema created successfully
2026-02-12 16:40:51 - LoreoForge - INFO - logger.py:67 - Logger initialized: LoreoForge
2026-02-12 16:40:51 - LoreoForge - INFO - main.py:97 - Starting Loreo Forge application
2026-02-12 16:40:53 - LoreoForge - ERROR - main.py:148 - Migration check failed: 'already_updated'
2026-02-12 16:40:55 - LoreoForge - INFO - main.py:192 - Application initialized successfully
2026-02-12 16:45:54 - DatabaseSchema - INFO - logger.py:67 - Logger initialized: DatabaseSchema
2026-02-12 16:45:54 - DatabaseSchema - INFO - logger.py:118 - Master database schema created successfully
2026-02-12 16:45:54 - LoreoForge - INFO - logger.py:67 - Logger initialized: LoreoForge
2026-02-12 16:45:54 - LoreoForge - INFO - main.py:97 - Starting Loreo Forge application
2026-02-12 16:45:56 - LoreoForge - ERROR - main.py:148 - Migration check failed: 'already_updated'
2026-02-12 16:45:58 - LoreoForge - INFO - main.py:192 - Application initialized successfully
2026-02-12 16:47:48 - DatabaseSchema - INFO - logger.py:67 - Logger initialized: DatabaseSchema
2026-02-12 16:47:48 - DatabaseSchema - INFO - logger.py:118 - Master database schema created successfully
2026-02-12 16:47:49 - LoreoForge - INFO - logger.py:67 - Logger initialized: LoreoForge
2026-02-12 16:47:49 - LoreoForge - INFO - main.py:97 - Starting Loreo Forge application
2026-02-12 16:47:51 - LoreoForge - ERROR - main.py:148 - Migration check failed: 'already_updated'
2026-02-12 16:47:53 - LoreoForge - INFO - main.py:192 - Application initialized successfully
2026-02-12 16:49:57 - DatabaseSchema - INFO - logger.py:67 - Logger initialized: DatabaseSchema
2026-02-12 16:49:57 - DatabaseSchema - INFO - logger.py:118 - Master database schema created successfully
2026-02-12 16:49:57 - LoreoForge - INFO - logger.py:67 - Logger initialized: LoreoForge
2026-02-12 16:49:57 - LoreoForge - INFO - main.py:97 - Starting Loreo Forge application
2026-02-12 16:49:59 - LoreoForge - ERROR - main.py:148 - Migration check failed: 'already_updated'
2026-02-12 16:50:01 - LoreoForge - INFO - main.py:192 - Application initialized successfully
2026-02-12 16:54:57 - DatabaseSchema - INFO - logger.py:67 - Logger initialized: DatabaseSchema
2026-02-12 16:54:57 - DatabaseSchema - INFO - logger.py:118 - Master database schema created successfully
2026-02-12 16:54:57 - LoreoForge - INFO - logger.py:67 - Logger initialized: LoreoForge
2026-02-12 16:54:57 - LoreoForge - INFO - main.py:97 - Starting Loreo Forge application
2026-02-12 16:54:59 - LoreoForge - ERROR - main.py:148 - Migration check failed: 'already_updated'
2026-02-12 16:55:01 - LoreoForge - INFO - main.py:192 - Application initialized successfully
2026-02-12 17:03:23 - DatabaseSchema - INFO - logger.py:67 - Logger initialized: DatabaseSchema
2026-02-12 17:03:23 - DatabaseSchema - INFO - logger.py:118 - Master database schema created successfully
2026-02-12 17:03:23 - LoreoForge - INFO - logger.py:67 - Logger initialized: LoreoForge
2026-02-12 17:03:23 - LoreoForge - INFO - main.py:97 - Starting Loreo Forge application
2026-02-12 17:03:25 - LoreoForge - ERROR - main.py:148 - Migration check failed: 'already_updated'
2026-02-12 17:03:27 - LoreoForge - INFO - main.py:192 - Application initialized successfully
2026-02-12 17:05:48 - DatabaseSchema - INFO - logger.py:67 - Logger initialized: DatabaseSchema
2026-02-12 17:05:48 - DatabaseSchema - INFO - logger.py:118 - Master database schema created successfully
2026-02-12 17:05:48 - LoreoForge - INFO - logger.py:67 - Logger initialized: LoreoForge
2026-02-12 17:05:48 - LoreoForge - INFO - main.py:97 - Starting Loreo Forge application
2026-02-12 17:05:50 - LoreoForge - ERROR - main.py:148 - Migration check failed: 'already_updated'
2026-02-12 17:05:52 - LoreoForge - INFO - main.py:192 - Application initialized successfully
