2026-02-08 21:55:13 - DatabaseSchema - INFO - logger.py:67 - Logger initialized: DatabaseSchema
2026-02-08 21:55:13 - DatabaseSchema - INFO - logger.py:118 - Master database schema created successfully
2026-02-08 21:55:13 - LoreoForge - INFO - logger.py:67 - Logger initialized: LoreoForge
2026-02-08 21:55:13 - LoreoForge - INFO - main.py:97 - Starting Loreo Forge application
2026-02-08 21:55:18 - LoreoForge - INFO - main.py:172 - Application initialized successfully
2026-02-08 21:59:30 - DatabaseSchema - INFO - logger.py:67 - Logger initialized: DatabaseSchema
2026-02-08 21:59:30 - DatabaseSchema - INFO - logger.py:118 - Master database schema created successfully
2026-02-08 21:59:30 - LoreoForge - INFO - logger.py:67 - Logger initialized: LoreoForge
2026-02-08 21:59:30 - LoreoForge - INFO - main.py:97 - Starting Loreo Forge application
2026-02-08 21:59:34 - LoreoForge - INFO - main.py:172 - Application initialized successfully
2026-02-08 22:18:05 - DatabaseSchema - INFO - logger.py:67 - Logger initialized: DatabaseSchema
2026-02-08 22:18:05 - DatabaseSchema - INFO - logger.py:118 - Master database schema created successfully
2026-02-08 22:18:05 - LoreoForge - INFO - logger.py:67 - Logger initialized: LoreoForge
2026-02-08 22:18:05 - LoreoForge - INFO - main.py:97 - Starting Loreo Forge application
2026-02-08 22:18:09 - LoreoForge - INFO - main.py:172 - Application initialized successfully
2026-02-08 22:35:32 - DatabaseSchema - INFO - logger.py:67 - Logger initialized: DatabaseSchema
2026-02-08 22:35:32 - DatabaseSchema - INFO - logger.py:118 - Master database schema created successfully
2026-02-08 22:35:32 - LoreoForge - INFO - logger.py:67 - Logger initialized: LoreoForge
2026-02-08 22:35:32 - LoreoForge - INFO - main.py:97 - Starting Loreo Forge application
2026-02-08 22:35:36 - LoreoForge - INFO - main.py:172 - Application initialized successfully
2026-02-08 22:55:12 - DatabaseSchema - INFO - logger.py:67 - Logger initialized: DatabaseSchema
2026-02-08 22:55:12 - DatabaseSchema - INFO - logger.py:118 - Master database schema created successfully
2026-02-08 22:55:12 - LoreoForge - INFO - logger.py:67 - Logger initialized: LoreoForge
2026-02-08 22:55:12 - LoreoForge - INFO - main.py:97 - Starting Loreo Forge application
2026-02-08 22:55:16 - LoreoForge - INFO - main.py:172 - Application initialized successfully
2026-02-08 23:01:39 - DatabaseSchema - INFO - logger.py:67 - Logger initialized: DatabaseSchema
2026-02-08 23:01:39 - DatabaseSchema - INFO - logger.py:118 - Master database schema created successfully
2026-02-08 23:01:39 - LoreoForge - INFO - logger.py:67 - Logger initialized: LoreoForge
2026-02-08 23:01:39 - LoreoForge - INFO - main.py:97 - Starting Loreo Forge application
2026-02-08 23:01:43 - LoreoForge - INFO - main.py:172 - Application initialized successfully
