2026-02-19 07:54:18 - DatabaseSchema - INFO - logger.py:67 - Logger initialized: DatabaseSchema
2026-02-19 07:54:18 - DatabaseSchema - INFO - logger.py:118 - Master database schema created successfully
2026-02-19 07:54:19 - LoreoForge - INFO - logger.py:67 - Logger initialized: LoreoForge
2026-02-19 07:54:19 - LoreoForge - INFO - main.py:97 - Starting Loreo Forge application
2026-02-19 07:54:21 - LoreoForge - ERROR - main.py:148 - Migration check failed: 'already_updated'
2026-02-19 07:54:24 - LoreoForge - INFO - main.py:192 - Application initialized successfully
2026-02-19 07:55:44 - DatabaseSchema - INFO - logger.py:67 - Logger initialized: DatabaseSchema
2026-02-19 07:55:44 - DatabaseSchema - INFO - logger.py:118 - Master database schema created successfully
2026-02-19 07:55:44 - LoreoForge - INFO - logger.py:67 - Logger initialized: LoreoForge
2026-02-19 07:55:44 - LoreoForge - INFO - main.py:97 - Starting Loreo Forge application
2026-02-19 07:55:46 - LoreoForge - ERROR - main.py:148 - Migration check failed: 'already_updated'
2026-02-19 07:55:49 - LoreoForge - INFO - main.py:192 - Application initialized successfully
2026-02-19 08:02:04 - DatabaseSchema - INFO - logger.py:67 - Logger initialized: DatabaseSchema
2026-02-19 08:02:04 - DatabaseSchema - INFO - logger.py:118 - Master database schema created successfully
2026-02-19 08:02:04 - LoreoForge - INFO - logger.py:67 - Logger initialized: LoreoForge
2026-02-19 08:02:04 - LoreoForge - INFO - main.py:97 - Starting Loreo Forge application
2026-02-19 08:02:06 - LoreoForge - ERROR - main.py:148 - Migration check failed: 'already_updated'
2026-02-19 08:02:08 - LoreoForge - INFO - main.py:192 - Application initialized successfully
2026-02-19 16:02:54 - DatabaseSchema - INFO - logger.py:67 - Logger initialized: DatabaseSchema
2026-02-19 16:02:54 - DatabaseSchema - INFO - logger.py:118 - Master database schema created successfully
2026-02-19 16:02:54 - LoreoForge - INFO - logger.py:67 - Logger initialized: LoreoForge
2026-02-19 16:02:54 - LoreoForge - INFO - main.py:97 - Starting Loreo Forge application
2026-02-19 16:02:57 - LoreoForge - ERROR - main.py:148 - Migration check failed: 'already_updated'
2026-02-19 16:02:59 - LoreoForge - INFO - main.py:192 - Application initialized successfully
2026-02-19 16:30:46 - DatabaseSchema - INFO - logger.py:67 - Logger initialized: DatabaseSchema
2026-02-19 16:30:46 - DatabaseSchema - INFO - logger.py:118 - Master database schema created successfully
2026-02-19 16:30:46 - LoreoForge - INFO - logger.py:67 - Logger initialized: LoreoForge
2026-02-19 16:30:46 - LoreoForge - INFO - main.py:97 - Starting Loreo Forge application
2026-02-19 16:30:49 - LoreoForge - ERROR - main.py:148 - Migration check failed: 'already_updated'
2026-02-19 16:30:51 - LoreoForge - INFO - main.py:192 - Application initialized successfully
2026-02-19 21:40:26 - DatabaseSchema - INFO - logger.py:67 - Logger initialized: DatabaseSchema
2026-02-19 21:40:26 - DatabaseSchema - INFO - logger.py:118 - Master database schema created successfully
2026-02-19 21:40:26 - LoreoForge - INFO - logger.py:67 - Logger initialized: LoreoForge
2026-02-19 21:40:26 - LoreoForge - INFO - main.py:97 - Starting Loreo Forge application
2026-02-19 21:40:29 - LoreoForge - ERROR - main.py:148 - Migration check failed: 'already_updated'
2026-02-19 21:40:31 - LoreoForge - INFO - main.py:192 - Application initialized successfully
