2026-01-23 17:37:21 - MasterDatabase - INFO - logger.py:67 - Logger initialized: MasterDatabase
2026-01-23 17:37:21 - MasterDatabase - INFO - logger.py:118 - Master database initialized at C:\Users\2reod\OneDrive\Documents\Projects\Loreo Forge\data\loreo_master.db
2026-01-23 17:37:21 - MasterDatabase - INFO - logger.py:118 - MasterDatabase initialized
2026-01-23 17:37:22 - LoreoForge - INFO - logger.py:67 - Logger initialized: LoreoForge
2026-01-23 17:37:22 - LoreoForge - INFO - main.py:96 - Starting Loreo Forge application
2026-01-23 17:37:27 - LoreoForge - INFO - main.py:171 - Application initialized successfully
2026-01-23 17:37:32 - MasterDatabase - ERROR - logger.py:126 - fetch_one error: no such table: characters
2026-01-23 17:37:32 - MasterDatabase - ERROR - logger.py:126 - fetch_one error: no such table: locations
2026-01-23 17:37:32 - MasterDatabase - ERROR - logger.py:126 - fetch_one error: no such table: bestiary
2026-01-23 17:37:32 - MasterDatabase - ERROR - logger.py:126 - fetch_one error: no such table: lore_entries
2026-01-23 17:37:32 - MasterDatabase - ERROR - logger.py:126 - fetch_one error: no such table: power_systems
2026-01-23 17:37:32 - MasterDatabase - ERROR - logger.py:126 - fetch_one error: no such table: chapters
2026-01-23 17:37:32 - MasterDatabase - ERROR - logger.py:126 - fetch_one error: no such table: chapters
2026-01-23 17:37:38 - MasterDatabase - ERROR - logger.py:126 - fetch_one error: no such table: characters
2026-01-23 17:37:38 - MasterDatabase - ERROR - logger.py:126 - fetch_one error: no such table: locations
2026-01-23 17:37:38 - MasterDatabase - ERROR - logger.py:126 - fetch_one error: no such table: bestiary
2026-01-23 17:37:38 - MasterDatabase - ERROR - logger.py:126 - fetch_one error: no such table: lore_entries
2026-01-23 17:37:38 - MasterDatabase - ERROR - logger.py:126 - fetch_one error: no such table: power_systems
2026-01-23 17:37:38 - MasterDatabase - ERROR - logger.py:126 - fetch_one error: no such table: chapters
2026-01-23 17:37:38 - MasterDatabase - ERROR - logger.py:126 - fetch_one error: no such table: chapters
2026-01-23 17:37:38 - MasterDatabase - ERROR - logger.py:126 - fetch_one error: no such table: characters
2026-01-23 17:37:38 - MasterDatabase - ERROR - logger.py:126 - fetch_one error: no such table: locations
2026-01-23 17:37:38 - MasterDatabase - ERROR - logger.py:126 - fetch_one error: no such table: bestiary
2026-01-23 17:37:38 - MasterDatabase - ERROR - logger.py:126 - fetch_one error: no such table: lore_entries
2026-01-23 17:37:38 - MasterDatabase - ERROR - logger.py:126 - fetch_one error: no such table: power_systems
2026-01-23 17:37:38 - MasterDatabase - ERROR - logger.py:126 - fetch_one error: no such table: chapters
2026-01-23 17:37:38 - MasterDatabase - ERROR - logger.py:126 - fetch_one error: no such table: chapters
2026-01-23 17:37:44 - MasterDatabase - ERROR - logger.py:126 - fetch_one error: no such table: characters
2026-01-23 17:37:44 - MasterDatabase - ERROR - logger.py:126 - fetch_one error: no such table: locations
2026-01-23 17:37:44 - MasterDatabase - ERROR - logger.py:126 - fetch_one error: no such table: bestiary
2026-01-23 17:37:44 - MasterDatabase - ERROR - logger.py:126 - fetch_one error: no such table: lore_entries
2026-01-23 17:37:44 - MasterDatabase - ERROR - logger.py:126 - fetch_one error: no such table: power_systems
2026-01-23 17:37:44 - MasterDatabase - ERROR - logger.py:126 - fetch_one error: no such table: chapters
2026-01-23 17:37:44 - MasterDatabase - ERROR - logger.py:126 - fetch_one error: no such table: chapters
2026-01-23 17:37:47 - MasterDatabase - ERROR - logger.py:126 - fetch_one error: no such table: characters
2026-01-23 17:37:47 - MasterDatabase - ERROR - logger.py:126 - fetch_one error: no such table: locations
2026-01-23 17:37:47 - MasterDatabase - ERROR - logger.py:126 - fetch_one error: no such table: bestiary
2026-01-23 17:37:47 - MasterDatabase - ERROR - logger.py:126 - fetch_one error: no such table: lore_entries
2026-01-23 17:37:47 - MasterDatabase - ERROR - logger.py:126 - fetch_one error: no such table: power_systems
2026-01-23 17:37:47 - MasterDatabase - ERROR - logger.py:126 - fetch_one error: no such table: chapters
2026-01-23 17:37:47 - MasterDatabase - ERROR - logger.py:126 - fetch_one error: no such table: chapters
2026-01-23 17:40:10 - MasterDatabase - ERROR - logger.py:126 - fetch_one error: no such table: characters
2026-01-23 17:40:10 - MasterDatabase - ERROR - logger.py:126 - fetch_one error: no such table: locations
2026-01-23 17:40:10 - MasterDatabase - ERROR - logger.py:126 - fetch_one error: no such table: bestiary
2026-01-23 17:40:10 - MasterDatabase - ERROR - logger.py:126 - fetch_one error: no such table: lore_entries
2026-01-23 17:40:10 - MasterDatabase - ERROR - logger.py:126 - fetch_one error: no such table: power_systems
2026-01-23 17:40:10 - MasterDatabase - ERROR - logger.py:126 - fetch_one error: no such table: chapters
2026-01-23 17:40:10 - MasterDatabase - ERROR - logger.py:126 - fetch_one error: no such table: chapters
2026-01-23 17:40:12 - MasterDatabase - ERROR - logger.py:126 - fetch_one error: no such table: characters
2026-01-23 17:40:12 - MasterDatabase - ERROR - logger.py:126 - fetch_one error: no such table: locations
2026-01-23 17:40:12 - MasterDatabase - ERROR - logger.py:126 - fetch_one error: no such table: bestiary
2026-01-23 17:40:12 - MasterDatabase - ERROR - logger.py:126 - fetch_one error: no such table: lore_entries
2026-01-23 17:40:12 - MasterDatabase - ERROR - logger.py:126 - fetch_one error: no such table: power_systems
2026-01-23 17:40:12 - MasterDatabase - ERROR - logger.py:126 - fetch_one error: no such table: chapters
2026-01-23 17:40:12 - MasterDatabase - ERROR - logger.py:126 - fetch_one error: no such table: chapters
2026-01-23 17:40:12 - MasterDatabase - ERROR - logger.py:126 - fetch_one error: no such table: characters
2026-01-23 17:40:12 - MasterDatabase - ERROR - logger.py:126 - fetch_one error: no such table: locations
2026-01-23 17:40:12 - MasterDatabase - ERROR - logger.py:126 - fetch_one error: no such table: bestiary
2026-01-23 17:40:12 - MasterDatabase - ERROR - logger.py:126 - fetch_one error: no such table: lore_entries
2026-01-23 17:40:12 - MasterDatabase - ERROR - logger.py:126 - fetch_one error: no such table: power_systems
2026-01-23 17:40:12 - MasterDatabase - ERROR - logger.py:126 - fetch_one error: no such table: chapters
2026-01-23 17:40:12 - MasterDatabase - ERROR - logger.py:126 - fetch_one error: no such table: chapters
2026-01-23 17:40:30 - MasterDatabase - ERROR - logger.py:126 - fetch_one error: no such table: characters
2026-01-23 17:40:30 - MasterDatabase - ERROR - logger.py:126 - fetch_one error: no such table: locations
2026-01-23 17:40:30 - MasterDatabase - ERROR - logger.py:126 - fetch_one error: no such table: bestiary
2026-01-23 17:40:30 - MasterDatabase - ERROR - logger.py:126 - fetch_one error: no such table: lore_entries
2026-01-23 17:40:30 - MasterDatabase - ERROR - logger.py:126 - fetch_one error: no such table: power_systems
2026-01-23 17:40:30 - MasterDatabase - ERROR - logger.py:126 - fetch_one error: no such table: chapters
2026-01-23 17:40:30 - MasterDatabase - ERROR - logger.py:126 - fetch_one error: no such table: chapters
2026-01-23 17:40:32 - MasterDatabase - ERROR - logger.py:126 - fetch_one error: no such table: characters
2026-01-23 17:40:32 - MasterDatabase - ERROR - logger.py:126 - fetch_one error: no such table: locations
2026-01-23 17:40:32 - MasterDatabase - ERROR - logger.py:126 - fetch_one error: no such table: bestiary
2026-01-23 17:40:32 - MasterDatabase - ERROR - logger.py:126 - fetch_one error: no such table: lore_entries
2026-01-23 17:40:32 - MasterDatabase - ERROR - logger.py:126 - fetch_one error: no such table: power_systems
2026-01-23 17:40:32 - MasterDatabase - ERROR - logger.py:126 - fetch_one error: no such table: chapters
2026-01-23 17:40:32 - MasterDatabase - ERROR - logger.py:126 - fetch_one error: no such table: chapters
2026-01-23 17:40:32 - MasterDatabase - ERROR - logger.py:126 - fetch_one error: no such table: characters
2026-01-23 17:40:32 - MasterDatabase - ERROR - logger.py:126 - fetch_one error: no such table: locations
2026-01-23 17:40:32 - MasterDatabase - ERROR - logger.py:126 - fetch_one error: no such table: bestiary
2026-01-23 17:40:32 - MasterDatabase - ERROR - logger.py:126 - fetch_one error: no such table: lore_entries
2026-01-23 17:40:32 - MasterDatabase - ERROR - logger.py:126 - fetch_one error: no such table: power_systems
2026-01-23 17:40:32 - MasterDatabase - ERROR - logger.py:126 - fetch_one error: no such table: chapters
2026-01-23 17:40:32 - MasterDatabase - ERROR - logger.py:126 - fetch_one error: no such table: chapters
2026-01-23 17:40:33 - MasterDatabase - ERROR - logger.py:126 - fetch_one error: no such table: characters
2026-01-23 17:40:33 - MasterDatabase - ERROR - logger.py:126 - fetch_one error: no such table: locations
2026-01-23 17:40:33 - MasterDatabase - ERROR - logger.py:126 - fetch_one error: no such table: bestiary
2026-01-23 17:40:33 - MasterDatabase - ERROR - logger.py:126 - fetch_one error: no such table: lore_entries
2026-01-23 17:40:33 - MasterDatabase - ERROR - logger.py:126 - fetch_one error: no such table: power_systems
2026-01-23 17:40:33 - MasterDatabase - ERROR - logger.py:126 - fetch_one error: no such table: chapters
2026-01-23 17:40:33 - MasterDatabase - ERROR - logger.py:126 - fetch_one error: no such table: chapters
2026-01-23 17:40:33 - MasterDatabase - ERROR - logger.py:126 - fetch_one error: no such table: characters
2026-01-23 17:40:33 - MasterDatabase - ERROR - logger.py:126 - fetch_one error: no such table: locations
2026-01-23 17:40:33 - MasterDatabase - ERROR - logger.py:126 - fetch_one error: no such table: bestiary
2026-01-23 17:40:33 - MasterDatabase - ERROR - logger.py:126 - fetch_one error: no such table: lore_entries
2026-01-23 17:40:33 - MasterDatabase - ERROR - logger.py:126 - fetch_one error: no such table: power_systems
2026-01-23 17:40:33 - MasterDatabase - ERROR - logger.py:126 - fetch_one error: no such table: chapters
2026-01-23 17:40:33 - MasterDatabase - ERROR - logger.py:126 - fetch_one error: no such table: chapters
2026-01-23 17:40:34 - MasterDatabase - ERROR - logger.py:126 - fetch_one error: no such table: characters
2026-01-23 17:40:34 - MasterDatabase - ERROR - logger.py:126 - fetch_one error: no such table: locations
2026-01-23 17:40:34 - MasterDatabase - ERROR - logger.py:126 - fetch_one error: no such table: bestiary
2026-01-23 17:40:34 - MasterDatabase - ERROR - logger.py:126 - fetch_one error: no such table: lore_entries
2026-01-23 17:40:34 - MasterDatabase - ERROR - logger.py:126 - fetch_one error: no such table: power_systems
2026-01-23 17:40:34 - MasterDatabase - ERROR - logger.py:126 - fetch_one error: no such table: chapters
2026-01-23 17:40:34 - MasterDatabase - ERROR - logger.py:126 - fetch_one error: no such table: chapters
2026-01-23 17:40:34 - MasterDatabase - ERROR - logger.py:126 - fetch_one error: no such table: characters
2026-01-23 17:40:34 - MasterDatabase - ERROR - logger.py:126 - fetch_one error: no such table: locations
2026-01-23 17:40:34 - MasterDatabase - ERROR - logger.py:126 - fetch_one error: no such table: bestiary
2026-01-23 17:40:34 - MasterDatabase - ERROR - logger.py:126 - fetch_one error: no such table: lore_entries
2026-01-23 17:40:34 - MasterDatabase - ERROR - logger.py:126 - fetch_one error: no such table: power_systems
2026-01-23 17:40:34 - MasterDatabase - ERROR - logger.py:126 - fetch_one error: no such table: chapters
2026-01-23 17:40:34 - MasterDatabase - ERROR - logger.py:126 - fetch_one error: no such table: chapters
2026-01-23 17:40:37 - MasterDatabase - ERROR - logger.py:126 - fetch_one error: no such table: characters
2026-01-23 17:40:37 - MasterDatabase - ERROR - logger.py:126 - fetch_one error: no such table: locations
2026-01-23 17:40:37 - MasterDatabase - ERROR - logger.py:126 - fetch_one error: no such table: bestiary
2026-01-23 17:40:37 - MasterDatabase - ERROR - logger.py:126 - fetch_one error: no such table: lore_entries
2026-01-23 17:40:37 - MasterDatabase - ERROR - logger.py:126 - fetch_one error: no such table: power_systems
2026-01-23 17:40:37 - MasterDatabase - ERROR - logger.py:126 - fetch_one error: no such table: chapters
2026-01-23 17:40:37 - MasterDatabase - ERROR - logger.py:126 - fetch_one error: no such table: chapters
2026-01-23 17:40:37 - MasterDatabase - ERROR - logger.py:126 - fetch_one error: no such table: characters
2026-01-23 17:40:37 - MasterDatabase - ERROR - logger.py:126 - fetch_one error: no such table: locations
2026-01-23 17:40:37 - MasterDatabase - ERROR - logger.py:126 - fetch_one error: no such table: bestiary
2026-01-23 17:40:37 - MasterDatabase - ERROR - logger.py:126 - fetch_one error: no such table: lore_entries
2026-01-23 17:40:37 - MasterDatabase - ERROR - logger.py:126 - fetch_one error: no such table: power_systems
2026-01-23 17:40:37 - MasterDatabase - ERROR - logger.py:126 - fetch_one error: no such table: chapters
2026-01-23 17:40:37 - MasterDatabase - ERROR - logger.py:126 - fetch_one error: no such table: chapters
2026-01-23 17:40:37 - MasterDatabase - ERROR - logger.py:126 - fetch_one error: no such table: characters
2026-01-23 17:40:37 - MasterDatabase - ERROR - logger.py:126 - fetch_one error: no such table: locations
2026-01-23 17:40:37 - MasterDatabase - ERROR - logger.py:126 - fetch_one error: no such table: bestiary
2026-01-23 17:40:37 - MasterDatabase - ERROR - logger.py:126 - fetch_one error: no such table: lore_entries
2026-01-23 17:40:37 - MasterDatabase - ERROR - logger.py:126 - fetch_one error: no such table: power_systems
2026-01-23 17:40:37 - MasterDatabase - ERROR - logger.py:126 - fetch_one error: no such table: chapters
2026-01-23 17:40:37 - MasterDatabase - ERROR - logger.py:126 - fetch_one error: no such table: chapters
2026-01-23 17:40:37 - MasterDatabase - ERROR - logger.py:126 - fetch_one error: no such table: characters
2026-01-23 17:40:37 - MasterDatabase - ERROR - logger.py:126 - fetch_one error: no such table: locations
2026-01-23 17:40:37 - MasterDatabase - ERROR - logger.py:126 - fetch_one error: no such table: bestiary
2026-01-23 17:40:37 - MasterDatabase - ERROR - logger.py:126 - fetch_one error: no such table: lore_entries
2026-01-23 17:40:37 - MasterDatabase - ERROR - logger.py:126 - fetch_one error: no such table: power_systems
2026-01-23 17:40:37 - MasterDatabase - ERROR - logger.py:126 - fetch_one error: no such table: chapters
2026-01-23 17:40:37 - MasterDatabase - ERROR - logger.py:126 - fetch_one error: no such table: chapters
2026-01-23 17:40:37 - MasterDatabase - ERROR - logger.py:126 - fetch_one error: no such table: characters
2026-01-23 17:40:37 - MasterDatabase - ERROR - logger.py:126 - fetch_one error: no such table: locations
2026-01-23 17:40:37 - MasterDatabase - ERROR - logger.py:126 - fetch_one error: no such table: bestiary
2026-01-23 17:40:37 - MasterDatabase - ERROR - logger.py:126 - fetch_one error: no such table: lore_entries
2026-01-23 17:40:37 - MasterDatabase - ERROR - logger.py:126 - fetch_one error: no such table: power_systems
2026-01-23 17:40:37 - MasterDatabase - ERROR - logger.py:126 - fetch_one error: no such table: chapters
2026-01-23 17:40:37 - MasterDatabase - ERROR - logger.py:126 - fetch_one error: no such table: chapters
2026-01-23 17:40:39 - MasterDatabase - ERROR - logger.py:126 - fetch_one error: no such table: characters
2026-01-23 17:40:39 - MasterDatabase - ERROR - logger.py:126 - fetch_one error: no such table: locations
2026-01-23 17:40:39 - MasterDatabase - ERROR - logger.py:126 - fetch_one error: no such table: bestiary
2026-01-23 17:40:39 - MasterDatabase - ERROR - logger.py:126 - fetch_one error: no such table: lore_entries
2026-01-23 17:40:39 - MasterDatabase - ERROR - logger.py:126 - fetch_one error: no such table: power_systems
2026-01-23 17:40:39 - MasterDatabase - ERROR - logger.py:126 - fetch_one error: no such table: chapters
2026-01-23 17:40:39 - MasterDatabase - ERROR - logger.py:126 - fetch_one error: no such table: chapters
2026-01-23 17:41:00 - MasterDatabase - ERROR - logger.py:126 - fetch_one error: no such table: characters
2026-01-23 17:41:00 - MasterDatabase - ERROR - logger.py:126 - fetch_one error: no such table: locations
2026-01-23 17:41:00 - MasterDatabase - ERROR - logger.py:126 - fetch_one error: no such table: bestiary
2026-01-23 17:41:00 - MasterDatabase - ERROR - logger.py:126 - fetch_one error: no such table: lore_entries
2026-01-23 17:41:00 - MasterDatabase - ERROR - logger.py:126 - fetch_one error: no such table: power_systems
2026-01-23 17:41:00 - MasterDatabase - ERROR - logger.py:126 - fetch_one error: no such table: chapters
2026-01-23 17:41:00 - MasterDatabase - ERROR - logger.py:126 - fetch_one error: no such table: chapters
2026-01-23 17:41:01 - MasterDatabase - ERROR - logger.py:126 - fetch_one error: no such table: characters
2026-01-23 17:41:01 - MasterDatabase - ERROR - logger.py:126 - fetch_one error: no such table: locations
2026-01-23 17:41:01 - MasterDatabase - ERROR - logger.py:126 - fetch_one error: no such table: bestiary
2026-01-23 17:41:01 - MasterDatabase - ERROR - logger.py:126 - fetch_one error: no such table: lore_entries
2026-01-23 17:41:01 - MasterDatabase - ERROR - logger.py:126 - fetch_one error: no such table: power_systems
2026-01-23 17:41:01 - MasterDatabase - ERROR - logger.py:126 - fetch_one error: no such table: chapters
2026-01-23 17:41:01 - MasterDatabase - ERROR - logger.py:126 - fetch_one error: no such table: chapters
2026-01-23 17:41:01 - MasterDatabase - ERROR - logger.py:126 - fetch_one error: no such table: characters
2026-01-23 17:41:01 - MasterDatabase - ERROR - logger.py:126 - fetch_one error: no such table: locations
2026-01-23 17:41:01 - MasterDatabase - ERROR - logger.py:126 - fetch_one error: no such table: bestiary
2026-01-23 17:41:01 - MasterDatabase - ERROR - logger.py:126 - fetch_one error: no such table: lore_entries
2026-01-23 17:41:01 - MasterDatabase - ERROR - logger.py:126 - fetch_one error: no such table: power_systems
2026-01-23 17:41:01 - MasterDatabase - ERROR - logger.py:126 - fetch_one error: no such table: chapters
2026-01-23 17:41:01 - MasterDatabase - ERROR - logger.py:126 - fetch_one error: no such table: chapters
2026-01-23 17:41:05 - MasterDatabase - ERROR - logger.py:126 - fetch_one error: no such table: characters
2026-01-23 17:41:05 - MasterDatabase - ERROR - logger.py:126 - fetch_one error: no such table: locations
2026-01-23 17:41:05 - MasterDatabase - ERROR - logger.py:126 - fetch_one error: no such table: bestiary
2026-01-23 17:41:05 - MasterDatabase - ERROR - logger.py:126 - fetch_one error: no such table: lore_entries
2026-01-23 17:41:05 - MasterDatabase - ERROR - logger.py:126 - fetch_one error: no such table: power_systems
2026-01-23 17:41:05 - MasterDatabase - ERROR - logger.py:126 - fetch_one error: no such table: chapters
2026-01-23 17:41:05 - MasterDatabase - ERROR - logger.py:126 - fetch_one error: no such table: chapters
2026-01-23 17:41:09 - MasterDatabase - ERROR - logger.py:126 - fetch_one error: no such table: characters
2026-01-23 17:41:09 - MasterDatabase - ERROR - logger.py:126 - fetch_one error: no such table: locations
2026-01-23 17:41:09 - MasterDatabase - ERROR - logger.py:126 - fetch_one error: no such table: bestiary
2026-01-23 17:41:09 - MasterDatabase - ERROR - logger.py:126 - fetch_one error: no such table: lore_entries
2026-01-23 17:41:09 - MasterDatabase - ERROR - logger.py:126 - fetch_one error: no such table: power_systems
2026-01-23 17:41:09 - MasterDatabase - ERROR - logger.py:126 - fetch_one error: no such table: chapters
2026-01-23 17:41:09 - MasterDatabase - ERROR - logger.py:126 - fetch_one error: no such table: chapters
2026-01-23 17:41:09 - MasterDatabase - ERROR - logger.py:126 - fetch_one error: no such table: characters
2026-01-23 17:41:09 - MasterDatabase - ERROR - logger.py:126 - fetch_one error: no such table: locations
2026-01-23 17:41:09 - MasterDatabase - ERROR - logger.py:126 - fetch_one error: no such table: bestiary
2026-01-23 17:41:09 - MasterDatabase - ERROR - logger.py:126 - fetch_one error: no such table: lore_entries
2026-01-23 17:41:09 - MasterDatabase - ERROR - logger.py:126 - fetch_one error: no such table: power_systems
2026-01-23 17:41:09 - MasterDatabase - ERROR - logger.py:126 - fetch_one error: no such table: chapters
2026-01-23 17:41:09 - MasterDatabase - ERROR - logger.py:126 - fetch_one error: no such table: chapters
2026-01-23 17:41:09 - MasterDatabase - ERROR - logger.py:126 - fetch_one error: no such table: characters
2026-01-23 17:41:09 - MasterDatabase - ERROR - logger.py:126 - fetch_one error: no such table: locations
2026-01-23 17:41:09 - MasterDatabase - ERROR - logger.py:126 - fetch_one error: no such table: bestiary
2026-01-23 17:41:09 - MasterDatabase - ERROR - logger.py:126 - fetch_one error: no such table: lore_entries
2026-01-23 17:41:09 - MasterDatabase - ERROR - logger.py:126 - fetch_one error: no such table: power_systems
2026-01-23 17:41:09 - MasterDatabase - ERROR - logger.py:126 - fetch_one error: no such table: chapters
2026-01-23 17:41:09 - MasterDatabase - ERROR - logger.py:126 - fetch_one error: no such table: chapters
2026-01-23 17:41:10 - MasterDatabase - ERROR - logger.py:126 - fetch_one error: no such table: characters
2026-01-23 17:41:10 - MasterDatabase - ERROR - logger.py:126 - fetch_one error: no such table: locations
2026-01-23 17:41:10 - MasterDatabase - ERROR - logger.py:126 - fetch_one error: no such table: bestiary
2026-01-23 17:41:10 - MasterDatabase - ERROR - logger.py:126 - fetch_one error: no such table: lore_entries
2026-01-23 17:41:10 - MasterDatabase - ERROR - logger.py:126 - fetch_one error: no such table: power_systems
2026-01-23 17:41:10 - MasterDatabase - ERROR - logger.py:126 - fetch_one error: no such table: chapters
2026-01-23 17:41:10 - MasterDatabase - ERROR - logger.py:126 - fetch_one error: no such table: chapters
2026-01-23 17:41:10 - MasterDatabase - ERROR - logger.py:126 - fetch_one error: no such table: characters
2026-01-23 17:41:10 - MasterDatabase - ERROR - logger.py:126 - fetch_one error: no such table: locations
2026-01-23 17:41:10 - MasterDatabase - ERROR - logger.py:126 - fetch_one error: no such table: bestiary
2026-01-23 17:41:10 - MasterDatabase - ERROR - logger.py:126 - fetch_one error: no such table: lore_entries
2026-01-23 17:41:10 - MasterDatabase - ERROR - logger.py:126 - fetch_one error: no such table: power_systems
2026-01-23 17:41:10 - MasterDatabase - ERROR - logger.py:126 - fetch_one error: no such table: chapters
2026-01-23 17:41:10 - MasterDatabase - ERROR - logger.py:126 - fetch_one error: no such table: chapters
2026-01-23 17:41:11 - MasterDatabase - ERROR - logger.py:126 - fetch_one error: no such table: characters
2026-01-23 17:41:11 - MasterDatabase - ERROR - logger.py:126 - fetch_one error: no such table: locations
2026-01-23 17:41:11 - MasterDatabase - ERROR - logger.py:126 - fetch_one error: no such table: bestiary
2026-01-23 17:41:11 - MasterDatabase - ERROR - logger.py:126 - fetch_one error: no such table: lore_entries
2026-01-23 17:41:11 - MasterDatabase - ERROR - logger.py:126 - fetch_one error: no such table: power_systems
2026-01-23 17:41:11 - MasterDatabase - ERROR - logger.py:126 - fetch_one error: no such table: chapters
2026-01-23 17:41:11 - MasterDatabase - ERROR - logger.py:126 - fetch_one error: no such table: chapters
2026-01-23 17:41:11 - MasterDatabase - ERROR - logger.py:126 - fetch_one error: no such table: characters
2026-01-23 17:41:11 - MasterDatabase - ERROR - logger.py:126 - fetch_one error: no such table: locations
2026-01-23 17:41:11 - MasterDatabase - ERROR - logger.py:126 - fetch_one error: no such table: bestiary
2026-01-23 17:41:11 - MasterDatabase - ERROR - logger.py:126 - fetch_one error: no such table: lore_entries
2026-01-23 17:41:11 - MasterDatabase - ERROR - logger.py:126 - fetch_one error: no such table: power_systems
2026-01-23 17:41:11 - MasterDatabase - ERROR - logger.py:126 - fetch_one error: no such table: chapters
2026-01-23 17:41:11 - MasterDatabase - ERROR - logger.py:126 - fetch_one error: no such table: chapters
2026-01-23 17:41:11 - MasterDatabase - ERROR - logger.py:126 - fetch_one error: no such table: characters
2026-01-23 17:41:11 - MasterDatabase - ERROR - logger.py:126 - fetch_one error: no such table: locations
2026-01-23 17:41:11 - MasterDatabase - ERROR - logger.py:126 - fetch_one error: no such table: bestiary
2026-01-23 17:41:11 - MasterDatabase - ERROR - logger.py:126 - fetch_one error: no such table: lore_entries
2026-01-23 17:41:11 - MasterDatabase - ERROR - logger.py:126 - fetch_one error: no such table: power_systems
2026-01-23 17:41:11 - MasterDatabase - ERROR - logger.py:126 - fetch_one error: no such table: chapters
2026-01-23 17:41:11 - MasterDatabase - ERROR - logger.py:126 - fetch_one error: no such table: chapters
2026-01-23 17:41:11 - MasterDatabase - ERROR - logger.py:126 - fetch_one error: no such table: characters
2026-01-23 17:41:11 - MasterDatabase - ERROR - logger.py:126 - fetch_one error: no such table: locations
2026-01-23 17:41:11 - MasterDatabase - ERROR - logger.py:126 - fetch_one error: no such table: bestiary
2026-01-23 17:41:11 - MasterDatabase - ERROR - logger.py:126 - fetch_one error: no such table: lore_entries
2026-01-23 17:41:11 - MasterDatabase - ERROR - logger.py:126 - fetch_one error: no such table: power_systems
2026-01-23 17:41:11 - MasterDatabase - ERROR - logger.py:126 - fetch_one error: no such table: chapters
2026-01-23 17:41:11 - MasterDatabase - ERROR - logger.py:126 - fetch_one error: no such table: chapters
2026-01-23 17:48:05 - MasterDatabase - INFO - logger.py:67 - Logger initialized: MasterDatabase
2026-01-23 17:48:05 - MasterDatabase - INFO - logger.py:118 - Master database initialized at C:\Users\2reod\OneDrive\Documents\Projects\Loreo Forge\data\loreo_master.db
2026-01-23 17:48:05 - MasterDatabase - INFO - logger.py:118 - MasterDatabase initialized
2026-01-23 17:48:05 - LoreoForge - INFO - logger.py:67 - Logger initialized: LoreoForge
2026-01-23 17:48:05 - LoreoForge - INFO - main.py:96 - Starting Loreo Forge application
2026-01-23 17:48:09 - LoreoForge - INFO - main.py:171 - Application initialized successfully
2026-01-23 17:48:20 - MasterDatabase - ERROR - logger.py:126 - fetch_one error: no such table: characters
2026-01-23 17:48:20 - MasterDatabase - ERROR - logger.py:126 - fetch_one error: no such table: locations
2026-01-23 17:48:20 - MasterDatabase - ERROR - logger.py:126 - fetch_one error: no such table: bestiary
2026-01-23 17:48:20 - MasterDatabase - ERROR - logger.py:126 - fetch_one error: no such table: lore_entries
2026-01-23 17:48:20 - MasterDatabase - ERROR - logger.py:126 - fetch_one error: no such table: power_systems
2026-01-23 17:48:20 - MasterDatabase - ERROR - logger.py:126 - fetch_one error: no such table: chapters
2026-01-23 17:48:20 - MasterDatabase - ERROR - logger.py:126 - fetch_one error: no such table: chapters
2026-01-23 17:48:21 - MasterDatabase - ERROR - logger.py:126 - fetch_one error: no such table: characters
2026-01-23 17:48:21 - MasterDatabase - ERROR - logger.py:126 - fetch_one error: no such table: locations
2026-01-23 17:48:21 - MasterDatabase - ERROR - logger.py:126 - fetch_one error: no such table: bestiary
2026-01-23 17:48:21 - MasterDatabase - ERROR - logger.py:126 - fetch_one error: no such table: lore_entries
2026-01-23 17:48:21 - MasterDatabase - ERROR - logger.py:126 - fetch_one error: no such table: power_systems
2026-01-23 17:48:21 - MasterDatabase - ERROR - logger.py:126 - fetch_one error: no such table: chapters
2026-01-23 17:48:21 - MasterDatabase - ERROR - logger.py:126 - fetch_one error: no such table: chapters
2026-01-23 17:48:21 - MasterDatabase - ERROR - logger.py:126 - fetch_one error: no such table: characters
2026-01-23 17:48:21 - MasterDatabase - ERROR - logger.py:126 - fetch_one error: no such table: locations
2026-01-23 17:48:21 - MasterDatabase - ERROR - logger.py:126 - fetch_one error: no such table: bestiary
2026-01-23 17:48:21 - MasterDatabase - ERROR - logger.py:126 - fetch_one error: no such table: lore_entries
2026-01-23 17:48:21 - MasterDatabase - ERROR - logger.py:126 - fetch_one error: no such table: power_systems
2026-01-23 17:48:21 - MasterDatabase - ERROR - logger.py:126 - fetch_one error: no such table: chapters
2026-01-23 17:48:21 - MasterDatabase - ERROR - logger.py:126 - fetch_one error: no such table: chapters
2026-01-23 17:48:22 - MasterDatabase - ERROR - logger.py:126 - fetch_one error: no such table: characters
2026-01-23 17:48:22 - MasterDatabase - ERROR - logger.py:126 - fetch_one error: no such table: locations
2026-01-23 17:48:22 - MasterDatabase - ERROR - logger.py:126 - fetch_one error: no such table: bestiary
2026-01-23 17:48:22 - MasterDatabase - ERROR - logger.py:126 - fetch_one error: no such table: lore_entries
2026-01-23 17:48:22 - MasterDatabase - ERROR - logger.py:126 - fetch_one error: no such table: power_systems
2026-01-23 17:48:22 - MasterDatabase - ERROR - logger.py:126 - fetch_one error: no such table: chapters
2026-01-23 17:48:22 - MasterDatabase - ERROR - logger.py:126 - fetch_one error: no such table: chapters
2026-01-23 17:48:22 - MasterDatabase - ERROR - logger.py:126 - fetch_one error: no such table: characters
2026-01-23 17:48:22 - MasterDatabase - ERROR - logger.py:126 - fetch_one error: no such table: locations
2026-01-23 17:48:22 - MasterDatabase - ERROR - logger.py:126 - fetch_one error: no such table: bestiary
2026-01-23 17:48:22 - MasterDatabase - ERROR - logger.py:126 - fetch_one error: no such table: lore_entries
2026-01-23 17:48:22 - MasterDatabase - ERROR - logger.py:126 - fetch_one error: no such table: power_systems
2026-01-23 17:48:22 - MasterDatabase - ERROR - logger.py:126 - fetch_one error: no such table: chapters
2026-01-23 17:48:22 - MasterDatabase - ERROR - logger.py:126 - fetch_one error: no such table: chapters
2026-01-23 17:48:22 - MasterDatabase - ERROR - logger.py:126 - fetch_one error: no such table: characters
2026-01-23 17:48:22 - MasterDatabase - ERROR - logger.py:126 - fetch_one error: no such table: locations
2026-01-23 17:48:22 - MasterDatabase - ERROR - logger.py:126 - fetch_one error: no such table: bestiary
2026-01-23 17:48:22 - MasterDatabase - ERROR - logger.py:126 - fetch_one error: no such table: lore_entries
2026-01-23 17:48:22 - MasterDatabase - ERROR - logger.py:126 - fetch_one error: no such table: power_systems
2026-01-23 17:48:22 - MasterDatabase - ERROR - logger.py:126 - fetch_one error: no such table: chapters
2026-01-23 17:48:22 - MasterDatabase - ERROR - logger.py:126 - fetch_one error: no such table: chapters
2026-01-23 17:48:22 - MasterDatabase - ERROR - logger.py:126 - fetch_one error: no such table: characters
2026-01-23 17:48:22 - MasterDatabase - ERROR - logger.py:126 - fetch_one error: no such table: locations
2026-01-23 17:48:22 - MasterDatabase - ERROR - logger.py:126 - fetch_one error: no such table: bestiary
2026-01-23 17:48:22 - MasterDatabase - ERROR - logger.py:126 - fetch_one error: no such table: lore_entries
2026-01-23 17:48:22 - MasterDatabase - ERROR - logger.py:126 - fetch_one error: no such table: power_systems
2026-01-23 17:48:22 - MasterDatabase - ERROR - logger.py:126 - fetch_one error: no such table: chapters
2026-01-23 17:48:22 - MasterDatabase - ERROR - logger.py:126 - fetch_one error: no such table: chapters
2026-01-23 17:49:51 - MasterDatabase - ERROR - logger.py:126 - fetch_one error: no such table: characters
2026-01-23 17:49:51 - MasterDatabase - ERROR - logger.py:126 - fetch_one error: no such table: locations
2026-01-23 17:49:51 - MasterDatabase - ERROR - logger.py:126 - fetch_one error: no such table: bestiary
2026-01-23 17:49:51 - MasterDatabase - ERROR - logger.py:126 - fetch_one error: no such table: lore_entries
2026-01-23 17:49:51 - MasterDatabase - ERROR - logger.py:126 - fetch_one error: no such table: power_systems
2026-01-23 17:49:51 - MasterDatabase - ERROR - logger.py:126 - fetch_one error: no such table: chapters
2026-01-23 17:49:51 - MasterDatabase - ERROR - logger.py:126 - fetch_one error: no such table: chapters
2026-01-23 17:49:52 - MasterDatabase - ERROR - logger.py:126 - fetch_one error: no such table: characters
2026-01-23 17:49:52 - MasterDatabase - ERROR - logger.py:126 - fetch_one error: no such table: locations
2026-01-23 17:49:52 - MasterDatabase - ERROR - logger.py:126 - fetch_one error: no such table: bestiary
2026-01-23 17:49:52 - MasterDatabase - ERROR - logger.py:126 - fetch_one error: no such table: lore_entries
2026-01-23 17:49:52 - MasterDatabase - ERROR - logger.py:126 - fetch_one error: no such table: power_systems
2026-01-23 17:49:52 - MasterDatabase - ERROR - logger.py:126 - fetch_one error: no such table: chapters
2026-01-23 17:49:52 - MasterDatabase - ERROR - logger.py:126 - fetch_one error: no such table: chapters
2026-01-23 17:49:52 - MasterDatabase - ERROR - logger.py:126 - fetch_one error: no such table: characters
2026-01-23 17:49:52 - MasterDatabase - ERROR - logger.py:126 - fetch_one error: no such table: locations
2026-01-23 17:49:52 - MasterDatabase - ERROR - logger.py:126 - fetch_one error: no such table: bestiary
2026-01-23 17:49:52 - MasterDatabase - ERROR - logger.py:126 - fetch_one error: no such table: lore_entries
2026-01-23 17:49:52 - MasterDatabase - ERROR - logger.py:126 - fetch_one error: no such table: power_systems
2026-01-23 17:49:52 - MasterDatabase - ERROR - logger.py:126 - fetch_one error: no such table: chapters
2026-01-23 17:49:52 - MasterDatabase - ERROR - logger.py:126 - fetch_one error: no such table: chapters
2026-01-23 17:49:52 - MasterDatabase - ERROR - logger.py:126 - fetch_one error: no such table: characters
2026-01-23 17:49:52 - MasterDatabase - ERROR - logger.py:126 - fetch_one error: no such table: locations
2026-01-23 17:49:52 - MasterDatabase - ERROR - logger.py:126 - fetch_one error: no such table: bestiary
2026-01-23 17:49:52 - MasterDatabase - ERROR - logger.py:126 - fetch_one error: no such table: lore_entries
2026-01-23 17:49:52 - MasterDatabase - ERROR - logger.py:126 - fetch_one error: no such table: power_systems
2026-01-23 17:49:52 - MasterDatabase - ERROR - logger.py:126 - fetch_one error: no such table: chapters
2026-01-23 17:49:52 - MasterDatabase - ERROR - logger.py:126 - fetch_one error: no such table: chapters
2026-01-23 17:49:52 - MasterDatabase - ERROR - logger.py:126 - fetch_one error: no such table: characters
2026-01-23 17:49:52 - MasterDatabase - ERROR - logger.py:126 - fetch_one error: no such table: locations
2026-01-23 17:49:52 - MasterDatabase - ERROR - logger.py:126 - fetch_one error: no such table: bestiary
2026-01-23 17:49:52 - MasterDatabase - ERROR - logger.py:126 - fetch_one error: no such table: lore_entries
2026-01-23 17:49:52 - MasterDatabase - ERROR - logger.py:126 - fetch_one error: no such table: power_systems
2026-01-23 17:49:52 - MasterDatabase - ERROR - logger.py:126 - fetch_one error: no such table: chapters
2026-01-23 17:49:52 - MasterDatabase - ERROR - logger.py:126 - fetch_one error: no such table: chapters
2026-01-23 17:49:53 - MasterDatabase - ERROR - logger.py:126 - fetch_one error: no such table: characters
2026-01-23 17:49:53 - MasterDatabase - ERROR - logger.py:126 - fetch_one error: no such table: locations
2026-01-23 17:49:53 - MasterDatabase - ERROR - logger.py:126 - fetch_one error: no such table: bestiary
2026-01-23 17:49:53 - MasterDatabase - ERROR - logger.py:126 - fetch_one error: no such table: lore_entries
2026-01-23 17:49:53 - MasterDatabase - ERROR - logger.py:126 - fetch_one error: no such table: power_systems
2026-01-23 17:49:53 - MasterDatabase - ERROR - logger.py:126 - fetch_one error: no such table: chapters
2026-01-23 17:49:53 - MasterDatabase - ERROR - logger.py:126 - fetch_one error: no such table: chapters
2026-01-23 17:49:53 - MasterDatabase - ERROR - logger.py:126 - fetch_one error: no such table: characters
2026-01-23 17:49:53 - MasterDatabase - ERROR - logger.py:126 - fetch_one error: no such table: locations
2026-01-23 17:49:53 - MasterDatabase - ERROR - logger.py:126 - fetch_one error: no such table: bestiary
2026-01-23 17:49:53 - MasterDatabase - ERROR - logger.py:126 - fetch_one error: no such table: lore_entries
2026-01-23 17:49:53 - MasterDatabase - ERROR - logger.py:126 - fetch_one error: no such table: power_systems
2026-01-23 17:49:53 - MasterDatabase - ERROR - logger.py:126 - fetch_one error: no such table: chapters
2026-01-23 17:49:53 - MasterDatabase - ERROR - logger.py:126 - fetch_one error: no such table: chapters
2026-01-23 17:49:53 - MasterDatabase - ERROR - logger.py:126 - fetch_one error: no such table: characters
2026-01-23 17:49:53 - MasterDatabase - ERROR - logger.py:126 - fetch_one error: no such table: locations
2026-01-23 17:49:53 - MasterDatabase - ERROR - logger.py:126 - fetch_one error: no such table: bestiary
2026-01-23 17:49:53 - MasterDatabase - ERROR - logger.py:126 - fetch_one error: no such table: lore_entries
2026-01-23 17:49:53 - MasterDatabase - ERROR - logger.py:126 - fetch_one error: no such table: power_systems
2026-01-23 17:49:53 - MasterDatabase - ERROR - logger.py:126 - fetch_one error: no such table: chapters
2026-01-23 17:49:53 - MasterDatabase - ERROR - logger.py:126 - fetch_one error: no such table: chapters
2026-01-23 17:49:53 - MasterDatabase - ERROR - logger.py:126 - fetch_one error: no such table: characters
2026-01-23 17:49:53 - MasterDatabase - ERROR - logger.py:126 - fetch_one error: no such table: locations
2026-01-23 17:49:53 - MasterDatabase - ERROR - logger.py:126 - fetch_one error: no such table: bestiary
2026-01-23 17:49:53 - MasterDatabase - ERROR - logger.py:126 - fetch_one error: no such table: lore_entries
2026-01-23 17:49:53 - MasterDatabase - ERROR - logger.py:126 - fetch_one error: no such table: power_systems
2026-01-23 17:49:53 - MasterDatabase - ERROR - logger.py:126 - fetch_one error: no such table: chapters
2026-01-23 17:49:53 - MasterDatabase - ERROR - logger.py:126 - fetch_one error: no such table: chapters
2026-01-23 17:49:53 - MasterDatabase - ERROR - logger.py:126 - fetch_one error: no such table: characters
2026-01-23 17:49:53 - MasterDatabase - ERROR - logger.py:126 - fetch_one error: no such table: locations
2026-01-23 17:49:53 - MasterDatabase - ERROR - logger.py:126 - fetch_one error: no such table: bestiary
2026-01-23 17:49:53 - MasterDatabase - ERROR - logger.py:126 - fetch_one error: no such table: lore_entries
2026-01-23 17:49:53 - MasterDatabase - ERROR - logger.py:126 - fetch_one error: no such table: power_systems
2026-01-23 17:49:53 - MasterDatabase - ERROR - logger.py:126 - fetch_one error: no such table: chapters
2026-01-23 17:49:53 - MasterDatabase - ERROR - logger.py:126 - fetch_one error: no such table: chapters
2026-01-23 17:49:53 - MasterDatabase - ERROR - logger.py:126 - fetch_one error: no such table: characters
2026-01-23 17:49:53 - MasterDatabase - ERROR - logger.py:126 - fetch_one error: no such table: locations
2026-01-23 17:49:53 - MasterDatabase - ERROR - logger.py:126 - fetch_one error: no such table: bestiary
2026-01-23 17:49:53 - MasterDatabase - ERROR - logger.py:126 - fetch_one error: no such table: lore_entries
2026-01-23 17:49:53 - MasterDatabase - ERROR - logger.py:126 - fetch_one error: no such table: power_systems
2026-01-23 17:49:53 - MasterDatabase - ERROR - logger.py:126 - fetch_one error: no such table: chapters
2026-01-23 17:49:53 - MasterDatabase - ERROR - logger.py:126 - fetch_one error: no such table: chapters
2026-01-23 17:49:53 - MasterDatabase - ERROR - logger.py:126 - fetch_one error: no such table: characters
2026-01-23 17:49:53 - MasterDatabase - ERROR - logger.py:126 - fetch_one error: no such table: locations
2026-01-23 17:49:53 - MasterDatabase - ERROR - logger.py:126 - fetch_one error: no such table: bestiary
2026-01-23 17:49:53 - MasterDatabase - ERROR - logger.py:126 - fetch_one error: no such table: lore_entries
2026-01-23 17:49:53 - MasterDatabase - ERROR - logger.py:126 - fetch_one error: no such table: power_systems
2026-01-23 17:49:53 - MasterDatabase - ERROR - logger.py:126 - fetch_one error: no such table: chapters
2026-01-23 17:49:53 - MasterDatabase - ERROR - logger.py:126 - fetch_one error: no such table: chapters
2026-01-23 17:49:53 - MasterDatabase - ERROR - logger.py:126 - fetch_one error: no such table: characters
2026-01-23 17:49:53 - MasterDatabase - ERROR - logger.py:126 - fetch_one error: no such table: locations
2026-01-23 17:49:53 - MasterDatabase - ERROR - logger.py:126 - fetch_one error: no such table: bestiary
2026-01-23 17:49:53 - MasterDatabase - ERROR - logger.py:126 - fetch_one error: no such table: lore_entries
2026-01-23 17:49:53 - MasterDatabase - ERROR - logger.py:126 - fetch_one error: no such table: power_systems
2026-01-23 17:49:53 - MasterDatabase - ERROR - logger.py:126 - fetch_one error: no such table: chapters
2026-01-23 17:49:53 - MasterDatabase - ERROR - logger.py:126 - fetch_one error: no such table: chapters
2026-01-23 17:49:54 - MasterDatabase - ERROR - logger.py:126 - fetch_one error: no such table: characters
2026-01-23 17:49:54 - MasterDatabase - ERROR - logger.py:126 - fetch_one error: no such table: locations
2026-01-23 17:49:54 - MasterDatabase - ERROR - logger.py:126 - fetch_one error: no such table: bestiary
2026-01-23 17:49:54 - MasterDatabase - ERROR - logger.py:126 - fetch_one error: no such table: lore_entries
2026-01-23 17:49:54 - MasterDatabase - ERROR - logger.py:126 - fetch_one error: no such table: power_systems
2026-01-23 17:49:54 - MasterDatabase - ERROR - logger.py:126 - fetch_one error: no such table: chapters
2026-01-23 17:49:54 - MasterDatabase - ERROR - logger.py:126 - fetch_one error: no such table: chapters
2026-01-23 17:49:54 - MasterDatabase - ERROR - logger.py:126 - fetch_one error: no such table: characters
2026-01-23 17:49:54 - MasterDatabase - ERROR - logger.py:126 - fetch_one error: no such table: locations
2026-01-23 17:49:54 - MasterDatabase - ERROR - logger.py:126 - fetch_one error: no such table: bestiary
2026-01-23 17:49:54 - MasterDatabase - ERROR - logger.py:126 - fetch_one error: no such table: lore_entries
2026-01-23 17:49:54 - MasterDatabase - ERROR - logger.py:126 - fetch_one error: no such table: power_systems
2026-01-23 17:49:54 - MasterDatabase - ERROR - logger.py:126 - fetch_one error: no such table: chapters
2026-01-23 17:49:54 - MasterDatabase - ERROR - logger.py:126 - fetch_one error: no such table: chapters
2026-01-23 17:49:54 - MasterDatabase - ERROR - logger.py:126 - fetch_one error: no such table: characters
2026-01-23 17:49:54 - MasterDatabase - ERROR - logger.py:126 - fetch_one error: no such table: locations
2026-01-23 17:49:54 - MasterDatabase - ERROR - logger.py:126 - fetch_one error: no such table: bestiary
2026-01-23 17:49:54 - MasterDatabase - ERROR - logger.py:126 - fetch_one error: no such table: lore_entries
2026-01-23 17:49:54 - MasterDatabase - ERROR - logger.py:126 - fetch_one error: no such table: power_systems
2026-01-23 17:49:54 - MasterDatabase - ERROR - logger.py:126 - fetch_one error: no such table: chapters
2026-01-23 17:49:54 - MasterDatabase - ERROR - logger.py:126 - fetch_one error: no such table: chapters
2026-01-23 17:49:54 - MasterDatabase - ERROR - logger.py:126 - fetch_one error: no such table: characters
2026-01-23 17:49:54 - MasterDatabase - ERROR - logger.py:126 - fetch_one error: no such table: locations
2026-01-23 17:49:54 - MasterDatabase - ERROR - logger.py:126 - fetch_one error: no such table: bestiary
2026-01-23 17:49:54 - MasterDatabase - ERROR - logger.py:126 - fetch_one error: no such table: lore_entries
2026-01-23 17:49:54 - MasterDatabase - ERROR - logger.py:126 - fetch_one error: no such table: power_systems
2026-01-23 17:49:54 - MasterDatabase - ERROR - logger.py:126 - fetch_one error: no such table: chapters
2026-01-23 17:49:54 - MasterDatabase - ERROR - logger.py:126 - fetch_one error: no such table: chapters
2026-01-23 17:49:55 - MasterDatabase - ERROR - logger.py:126 - fetch_one error: no such table: characters
2026-01-23 17:49:55 - MasterDatabase - ERROR - logger.py:126 - fetch_one error: no such table: locations
2026-01-23 17:49:55 - MasterDatabase - ERROR - logger.py:126 - fetch_one error: no such table: bestiary
2026-01-23 17:49:55 - MasterDatabase - ERROR - logger.py:126 - fetch_one error: no such table: lore_entries
2026-01-23 17:49:55 - MasterDatabase - ERROR - logger.py:126 - fetch_one error: no such table: power_systems
2026-01-23 17:49:55 - MasterDatabase - ERROR - logger.py:126 - fetch_one error: no such table: chapters
2026-01-23 17:49:55 - MasterDatabase - ERROR - logger.py:126 - fetch_one error: no such table: chapters
2026-01-23 17:49:55 - MasterDatabase - ERROR - logger.py:126 - fetch_one error: no such table: characters
2026-01-23 17:49:55 - MasterDatabase - ERROR - logger.py:126 - fetch_one error: no such table: locations
2026-01-23 17:49:55 - MasterDatabase - ERROR - logger.py:126 - fetch_one error: no such table: bestiary
2026-01-23 17:49:55 - MasterDatabase - ERROR - logger.py:126 - fetch_one error: no such table: lore_entries
2026-01-23 17:49:55 - MasterDatabase - ERROR - logger.py:126 - fetch_one error: no such table: power_systems
2026-01-23 17:49:55 - MasterDatabase - ERROR - logger.py:126 - fetch_one error: no such table: chapters
2026-01-23 17:49:55 - MasterDatabase - ERROR - logger.py:126 - fetch_one error: no such table: chapters
2026-01-23 17:50:06 - MasterDatabase - ERROR - logger.py:126 - fetch_one error: no such table: characters
2026-01-23 17:50:06 - MasterDatabase - ERROR - logger.py:126 - fetch_one error: no such table: locations
2026-01-23 17:50:06 - MasterDatabase - ERROR - logger.py:126 - fetch_one error: no such table: bestiary
2026-01-23 17:50:06 - MasterDatabase - ERROR - logger.py:126 - fetch_one error: no such table: lore_entries
2026-01-23 17:50:06 - MasterDatabase - ERROR - logger.py:126 - fetch_one error: no such table: power_systems
2026-01-23 17:50:06 - MasterDatabase - ERROR - logger.py:126 - fetch_one error: no such table: chapters
2026-01-23 17:50:06 - MasterDatabase - ERROR - logger.py:126 - fetch_one error: no such table: chapters
2026-01-23 20:52:45 - MasterDatabase - INFO - logger.py:67 - Logger initialized: MasterDatabase
2026-01-23 20:52:45 - MasterDatabase - INFO - logger.py:118 - Master database initialized at C:\Users\2reod\OneDrive\Documents\Projects\Loreo Forge\data\loreo_master.db
2026-01-23 20:52:45 - MasterDatabase - INFO - logger.py:118 - MasterDatabase initialized
2026-01-23 20:52:45 - LoreoForge - INFO - logger.py:67 - Logger initialized: LoreoForge
2026-01-23 20:52:45 - LoreoForge - INFO - main.py:96 - Starting Loreo Forge application
2026-01-23 20:52:50 - LoreoForge - INFO - main.py:171 - Application initialized successfully
2026-01-23 20:52:55 - MasterDatabase - ERROR - logger.py:126 - fetch_one error: no such table: characters
2026-01-23 20:52:55 - MasterDatabase - ERROR - logger.py:126 - fetch_one error: no such table: locations
2026-01-23 20:52:55 - MasterDatabase - ERROR - logger.py:126 - fetch_one error: no such table: bestiary
2026-01-23 20:52:55 - MasterDatabase - ERROR - logger.py:126 - fetch_one error: no such table: lore_entries
2026-01-23 20:52:55 - MasterDatabase - ERROR - logger.py:126 - fetch_one error: no such table: power_systems
2026-01-23 20:52:55 - MasterDatabase - ERROR - logger.py:126 - fetch_one error: no such table: chapters
2026-01-23 20:52:55 - MasterDatabase - ERROR - logger.py:126 - fetch_one error: no such table: chapters
2026-01-23 20:52:58 - MasterDatabase - ERROR - logger.py:126 - fetch_one error: no such table: characters
2026-01-23 20:52:58 - MasterDatabase - ERROR - logger.py:126 - fetch_one error: no such table: locations
2026-01-23 20:52:58 - MasterDatabase - ERROR - logger.py:126 - fetch_one error: no such table: bestiary
2026-01-23 20:52:58 - MasterDatabase - ERROR - logger.py:126 - fetch_one error: no such table: lore_entries
2026-01-23 20:52:58 - MasterDatabase - ERROR - logger.py:126 - fetch_one error: no such table: power_systems
2026-01-23 20:52:58 - MasterDatabase - ERROR - logger.py:126 - fetch_one error: no such table: chapters
2026-01-23 20:52:58 - MasterDatabase - ERROR - logger.py:126 - fetch_one error: no such table: chapters
2026-01-23 23:52:20 - MasterDatabase - INFO - logger.py:67 - Logger initialized: MasterDatabase
2026-01-23 23:52:20 - MasterDatabase - INFO - logger.py:118 - Master database initialized at C:\Users\2reod\OneDrive\Documents\Projects\Loreo Forge\data\loreo_master.db
2026-01-23 23:52:20 - MasterDatabase - INFO - logger.py:118 - MasterDatabase initialized
2026-01-23 23:52:20 - LoreoForge - INFO - logger.py:67 - Logger initialized: LoreoForge
2026-01-23 23:52:20 - LoreoForge - INFO - main.py:96 - Starting Loreo Forge application
2026-01-23 23:52:24 - LoreoForge - INFO - main.py:171 - Application initialized successfully
2026-01-23 23:53:11 - MasterDatabase - ERROR - logger.py:126 - fetch_one error: no such table: characters
2026-01-23 23:53:11 - MasterDatabase - ERROR - logger.py:126 - fetch_one error: no such table: locations
2026-01-23 23:53:11 - MasterDatabase - ERROR - logger.py:126 - fetch_one error: no such table: bestiary
2026-01-23 23:53:11 - MasterDatabase - ERROR - logger.py:126 - fetch_one error: no such table: lore_entries
2026-01-23 23:53:11 - MasterDatabase - ERROR - logger.py:126 - fetch_one error: no such table: power_systems
2026-01-23 23:53:11 - MasterDatabase - ERROR - logger.py:126 - fetch_one error: no such table: chapters
2026-01-23 23:53:11 - MasterDatabase - ERROR - logger.py:126 - fetch_one error: no such table: chapters
