2026-02-22 00:24:56 - DatabaseSchema - INFO - logger.py:67 - Logger initialized: DatabaseSchema
2026-02-22 00:24:56 - DatabaseSchema - INFO - logger.py:118 - Master database schema created successfully
2026-02-22 00:24:56 - LoreoForge - INFO - logger.py:67 - Logger initialized: LoreoForge
2026-02-22 00:24:56 - LoreoForge - INFO - main.py:97 - Starting Loreo Forge application
2026-02-22 00:25:00 - LoreoForge - INFO - main.py:202 - Application initialized successfully
2026-02-22 17:40:06 - DatabaseSchema - INFO - logger.py:67 - Logger initialized: DatabaseSchema
2026-02-22 17:40:06 - DatabaseSchema - INFO - logger.py:118 - Master database schema created successfully
2026-02-22 17:40:06 - LoreoForge - INFO - logger.py:67 - Logger initialized: LoreoForge
2026-02-22 17:40:06 - LoreoForge - INFO - main.py:97 - Starting Loreo Forge application
2026-02-22 17:40:11 - LoreoForge - INFO - main.py:202 - Application initialized successfully
2026-02-22 17:42:33 - DatabaseSchema - INFO - logger.py:67 - Logger initialized: DatabaseSchema
2026-02-22 17:42:33 - DatabaseSchema - INFO - logger.py:118 - Master database schema created successfully
2026-02-22 17:47:48 - DatabaseSchema - INFO - logger.py:67 - Logger initialized: DatabaseSchema
2026-02-22 17:47:48 - DatabaseSchema - INFO - logger.py:118 - Master database schema created successfully
2026-02-22 17:47:51 - DatabaseSchema - INFO - logger.py:67 - Logger initialized: DatabaseSchema
2026-02-22 17:47:51 - DatabaseSchema - INFO - logger.py:118 - Master database schema created successfully
2026-02-22 17:47:52 - LoreoForge - INFO - logger.py:67 - Logger initialized: LoreoForge
2026-02-22 17:47:52 - LoreoForge - INFO - main.py:97 - Starting Loreo Forge application
2026-02-22 17:47:56 - LoreoForge - INFO - main.py:202 - Application initialized successfully
2026-02-22 17:52:32 - DatabaseSchema - INFO - logger.py:67 - Logger initialized: DatabaseSchema
2026-02-22 17:52:32 - DatabaseSchema - INFO - logger.py:118 - Master database schema created successfully
2026-02-22 17:52:32 - LoreoForge - INFO - logger.py:67 - Logger initialized: LoreoForge
2026-02-22 17:52:32 - LoreoForge - INFO - main.py:97 - Starting Loreo Forge application
2026-02-22 17:52:37 - LoreoForge - INFO - main.py:202 - Application initialized successfully
2026-02-22 17:52:56 - DatabaseSchema - INFO - logger.py:67 - Logger initialized: DatabaseSchema
2026-02-22 17:52:56 - DatabaseSchema - INFO - logger.py:118 - Master database schema created successfully
2026-02-22 17:52:56 - LoreoForge - INFO - logger.py:67 - Logger initialized: LoreoForge
2026-02-22 17:52:56 - LoreoForge - INFO - main.py:97 - Starting Loreo Forge application
2026-02-22 17:53:00 - LoreoForge - INFO - main.py:202 - Application initialized successfully
2026-02-22 18:10:26 - DatabaseSchema - INFO - logger.py:67 - Logger initialized: DatabaseSchema
2026-02-22 18:10:26 - DatabaseSchema - INFO - logger.py:118 - Master database schema created successfully
2026-02-22 18:12:41 - DatabaseSchema - INFO - logger.py:67 - Logger initialized: DatabaseSchema
2026-02-22 18:12:41 - DatabaseSchema - INFO - logger.py:118 - Master database schema created successfully
2026-02-22 18:12:41 - LoreoForge - INFO - logger.py:67 - Logger initialized: LoreoForge
2026-02-22 18:12:41 - LoreoForge - INFO - main.py:97 - Starting Loreo Forge application
2026-02-22 18:12:46 - LoreoForge - INFO - main.py:202 - Application initialized successfully
2026-02-22 18:17:57 - DatabaseSchema - INFO - logger.py:67 - Logger initialized: DatabaseSchema
2026-02-22 18:17:57 - DatabaseSchema - INFO - logger.py:118 - Master database schema created successfully
2026-02-22 18:21:02 - DatabaseSchema - INFO - logger.py:67 - Logger initialized: DatabaseSchema
2026-02-22 18:21:02 - DatabaseSchema - INFO - logger.py:118 - Master database schema created successfully
2026-02-22 18:21:06 - DatabaseSchema - INFO - logger.py:67 - Logger initialized: DatabaseSchema
2026-02-22 18:21:06 - DatabaseSchema - INFO - logger.py:118 - Master database schema created successfully
2026-02-22 18:21:06 - LoreoForge - INFO - logger.py:67 - Logger initialized: LoreoForge
2026-02-22 18:21:06 - LoreoForge - INFO - main.py:97 - Starting Loreo Forge application
2026-02-22 18:21:10 - LoreoForge - INFO - main.py:202 - Application initialized successfully
2026-02-22 20:09:12 - DatabaseSchema - INFO - logger.py:67 - Logger initialized: DatabaseSchema
2026-02-22 20:09:12 - DatabaseSchema - INFO - logger.py:118 - Master database schema created successfully
2026-02-22 20:09:13 - LoreoForge - INFO - logger.py:67 - Logger initialized: LoreoForge
2026-02-22 20:09:13 - LoreoForge - INFO - main.py:97 - Starting Loreo Forge application
2026-02-22 20:09:17 - LoreoForge - INFO - main.py:202 - Application initialized successfully
2026-02-22 22:12:06 - DatabaseSchema - INFO - logger.py:67 - Logger initialized: DatabaseSchema
2026-02-22 22:12:06 - DatabaseSchema - INFO - logger.py:118 - Master database schema created successfully
2026-02-22 22:12:07 - LoreoForge - INFO - logger.py:67 - Logger initialized: LoreoForge
2026-02-22 22:12:07 - LoreoForge - INFO - main.py:97 - Starting Loreo Forge application
2026-02-22 22:12:11 - LoreoForge - INFO - main.py:202 - Application initialized successfully
2026-02-22 22:12:53 - DatabaseSchema - INFO - logger.py:67 - Logger initialized: DatabaseSchema
2026-02-22 22:12:53 - DatabaseSchema - INFO - logger.py:118 - Master database schema created successfully
2026-02-22 22:13:55 - DatabaseSchema - INFO - logger.py:67 - Logger initialized: DatabaseSchema
2026-02-22 22:13:55 - DatabaseSchema - INFO - logger.py:118 - Master database schema created successfully
2026-02-22 22:27:29 - DatabaseSchema - INFO - logger.py:67 - Logger initialized: DatabaseSchema
2026-02-22 22:27:29 - DatabaseSchema - INFO - logger.py:118 - Master database schema created successfully
2026-02-22 22:27:29 - LoreoForge - INFO - logger.py:67 - Logger initialized: LoreoForge
2026-02-22 22:27:29 - LoreoForge - INFO - main.py:97 - Starting Loreo Forge application
2026-02-22 22:27:33 - LoreoForge - INFO - main.py:202 - Application initialized successfully
2026-02-22 22:28:10 - DatabaseSchema - INFO - logger.py:67 - Logger initialized: DatabaseSchema
2026-02-22 22:28:10 - DatabaseSchema - INFO - logger.py:118 - Master database schema created successfully
